Initializing analyzer...
Using model: all-MiniLM-L6-v2
Device: auto

================================================================================
Analyzing: /Users/caevans/repos/loghub/Android/Android_2k.log
Total lines: 2,000
================================================================================

Analysis Statistics:
  Total windows created: 400
  Significant windows: 40
  Merged blocks: 24
  Processing time: 3.16s

Score Distribution:
  Min:    0.0007
  Mean:   0.0872
  Median: 0.0816
  P90:    0.1672
  Max:    0.4330

                               Significant Blocks                               
================================================================================
<block lines="6-25" score="0.4330">
03-17 16:13:38.861  2227  2227 D TextView: mVisiblity.getValue is false
03-17 16:13:38.869  2227  2227 D TextView: visible is system.charge.show
03-17 16:13:38.871  2227  2227 D TextView: mVisiblity.getValue is false
03-17 16:13:38.875  2227  2227 D TextView: visible is system.call.count gt 0
03-17 16:13:38.877  2227  2227 D TextView: mVisiblity.getValue is false
03-17 16:13:38.881  2227  2227 D TextView: visible is system.message.count gt 0
03-17 16:13:38.882  2227  2227 D TextView: mVisiblity.getValue is false
03-17 16:13:38.887  2227  2227 D TextView: visible is system.ownerinfo.show
03-17 16:13:38.888  2227  2227 D TextView: mVisiblity.getValue is false
03-17 16:13:38.905  1702 10454 D PowerManagerService: release:lock=233570404, flg=0x0, tag="View Lock", name=com.android.systemui", ws=null, uid=10037, pid=2227
03-17 16:13:38.907  1702 10454 D PowerManagerService: ready=true,policy=3,wakefulness=1,wksummary=0x23,uasummary=0x1,bootcompleted=true,boostinprogress=false,waitmodeenable=false,mode=false,manual=38,auto=-1,adj=0.0userId=0
03-17 16:13:38.915  1702  3693 V WindowManager: Skipping AppWindowToken{df0798e token=Token{78af589 ActivityRecord{3b04890 u0 com.tencent.qt.qtl/com.tencent.video.player.activity.PlayerActivity t761}}} -- going to hide
03-17 16:13:38.928  2227  2227 I StackScrollAlgorithm: updateClipping isOverlap:false, getTopPadding=333.0, Translation=-24.0
03-17 16:13:38.928  2227  2227 I StackScrollAlgorithm: updateDimmedActivatedHideSensitive overlap:false
03-17 16:13:38.935  1702  3697 W ActivityManager: getRunningAppProcesses: caller 10113 does not hold REAL_GET_TASKS; limiting output
03-17 16:13:38.936  1702 14638 D PowerManagerService: release:lock=189667585, flg=0x0, tag="*launch*", name=android", ws=WorkSource{10113}, uid=1000, pid=1702
03-17 16:13:38.938  1702 14638 D PowerManagerService: ready=true,policy=3,wakefulness=1,wksummary=0x23,uasummary=0x1,bootcompleted=true,boostinprogress=false,waitmodeenable=false,mode=false,manual=38,auto=-1,adj=0.0userId=0
03-17 16:13:38.954  2227  2227 I PhoneStatusBar: setSystemUiVisibility vis=40000500 mask=ffffffff oldVal=508 newVal=40000500 diff=40000008 fullscreenStackVis=0 dockedStackVis=0, fullscreenStackBounds=Rect(0, 0 - 720, 1280), dockedStackBounds=Rect(0, 0 - 0, 0)
03-17 16:13:38.955  2227  2227 I PhoneStatusBar: cancelAutohide
03-17 16:13:38.955  2227  2227 I PhoneStatusBar: notifyUiVisibilityChanged:vis=0x40000500, SystemUiVisibility=0x40000500
</block>

<block lines="31-45" score="0.2963">
03-17 16:13:39.069  1702  1815 I WindowManager: orientation change is complete, call stopFreezingDisplayLocked
03-17 16:13:39.070  1702  1815 I WindowManager: Screen frozen for +1s0ms due to Window{ca98d5 u0 com.tencent.qt.qtl/com.tencent.qt.qtl.activity.info.NewsDetailXmlActivity}
03-17 16:13:39.070  1702  1815 D WindowManager: startAnimation begin
03-17 16:13:39.079  1702  1815 D WindowManager: startAnimation end
03-17 16:13:39.080  1702  1815 D PowerManagerService: release:lock=226887582, flg=0x0, tag="SCREEN_FROZEN", name=android", ws=null, uid=1000, pid=1702
03-17 16:13:39.080  1702  1815 D PowerManagerService: ready=true,policy=3,wakefulness=1,wksummary=0x1,uasummary=0x1,bootcompleted=true,boostinprogress=false,waitmodeenable=false,mode=false,manual=38,auto=-1,adj=0.0userId=0
03-17 16:13:39.095  1702  8671 I AlarmManager: remove(PendingIntent{19abed0: PendingIntentRecord{a485420 com.tencent.qt.qtl broadcastIntent}}) changed bounds; rebatching
03-17 16:13:39.207  1702  1815 I WindowManager: rotationForOrientationLw(orient=1, last=0); user=0 USER_ROTATION_LOCKED
03-17 16:13:39.207  1702  1815 I WindowManager: Application requested orientation 1, got rotation 0 which has compatible metrics
03-17 16:13:40.142  1702  2618 D PowerManagerService: acquire lock=166121161, flags=0x1, tag="RILJ_ACK_WL", name=com.android.phone, ws=null, uid=1001, pid=2626
03-17 16:13:40.143  1702  2618 D PowerManagerService: ready=true,policy=3,wakefulness=1,wksummary=0x1,uasummary=0x1,bootcompleted=true,boostinprogress=false,waitmodeenable=false,mode=false,manual=38,auto=-1,adj=0.0userId=0
03-17 16:13:40.146  1702  2555 D PowerManagerService: ready=true,policy=3,wakefulness=1,wksummary=0x1,uasummary=0x1,bootcompleted=true,boostinprogress=false,waitmodeenable=false,mode=false,manual=38,auto=-1,adj=0.0userId=0
03-17 16:13:40.147  1702  2633 D PowerManagerService: ready=true,policy=3,wakefulness=1,wksummary=0x1,uasummary=0x1,bootcompleted=true,boostinprogress=false,waitmodeenable=false,mode=false,manual=38,auto=-1,adj=0.0userId=0
03-17 16:13:40.148  1702  2395 D PowerManagerService: ready=true,policy=3,wakefulness=1,wksummary=0x1,uasummary=0x1,bootcompleted=true,boostinprogress=false,waitmodeenable=false,mode=false,manual=38,auto=-1,adj=0.0userId=0
03-17 16:13:40.150  1702  2556 D PowerManagerService: ready=true,policy=3,wakefulness=1,wksummary=0x1,uasummary=0x1,bootcompleted=true,boostinprogress=false,waitmodeenable=false,mode=false,manual=38,auto=-1,adj=0.0userId=0
</block>

<block lines="91-100" score="0.3714">
03-17 16:13:45.466  1702 17632 W ActivityManager: java.lang.ClassCastException: android.os.BinderProxy cannot be cast to com.android.server.am.ActivityRecord$Token
03-17 16:13:45.512  1702  2639 V WindowManager: Skipping AppWindowToken{9f4ef63 token=Token{a64f992 ActivityRecord{de9231d u0 com.tencent.qt.qtl/.activity.info.NewsDetailXmlActivity t761}}} -- going to hide
03-17 16:13:45.598  1702  2556 D PowerManagerService: release:lock=189667585, flg=0x0, tag="*launch*", name=android", ws=WorkSource{10113}, uid=1000, pid=1702
03-17 16:13:45.599  1702  2556 D PowerManagerService: ready=true,policy=3,wakefulness=1,wksummary=0x0,uasummary=0x1,bootcompleted=true,boostinprogress=false,waitmodeenable=false,mode=false,manual=38,auto=-1,adj=0.0userId=0
03-17 16:13:45.599  1702  2556 D PowerManagerService: Releasing suspend blocker "PowerManagerService.WakeLocks".
03-17 16:13:45.626  2227  2227 I PhoneStatusBar: setSystemUiVisibility vis=40000500 mask=ffffffff oldVal=508 newVal=40000500 diff=40000008 fullscreenStackVis=0 dockedStackVis=0, fullscreenStackBounds=Rect(0, 0 - 720, 1280), dockedStackBounds=Rect(0, 0 - 0, 0)
03-17 16:13:45.627  2227  2227 I PhoneStatusBar: cancelAutohide
03-17 16:13:45.627  2227  2227 I PhoneStatusBar: notifyUiVisibilityChanged:vis=0x40000500, SystemUiVisibility=0x40000500
03-17 16:13:46.143  1702  2105 D PowerManagerService: userActivityNoUpdateLocked: eventTime=261850777, event=2, flags=0x0, uid=1000
03-17 16:13:46.144  1702  2105 D PowerManagerService: ready=true,policy=3,wakefulness=1,wksummary=0x0,uasummary=0x1,bootcompleted=true,boostinprogress=false,waitmodeenable=false,mode=false,manual=38,auto=-1,adj=0.0userId=0
</block>

<block lines="196-250" score="0.2593">
03-17 16:13:46.671  2227  2318 I PhoneStatusBar: logNotificationVisibilityChanges runInThread start
03-17 16:13:46.671  1702 17633 I NotificationManager: onNotificationVisibilityChanged called
03-17 16:13:46.672  2227  2318 I PhoneStatusBar: logNotificationVisibilityChanges runInThread over
03-17 16:13:46.764  2227  2794 E KeyguardUpdateMonitor: isSimPinSecure mSimDatas is null or empty 
03-17 16:13:46.765  2227  2794 W KeyguardUpdateMonitor: registerCallback not in UI.
03-17 16:13:46.765  2227  2794 W KeyguardUpdateMonitor: android.util.AndroidRuntimeException: Must execute in UI
03-17 16:13:46.765  2227  2794 V KeyguardUpdateMonitor: *** register callback for com.android.systemui.statusbar.policy.KeyguardMonitor@712d093
03-17 16:13:46.765  2227  2794 W KeyguardUpdateMonitor: registerCallback not in UI.
03-17 16:13:46.765  2227  2794 W KeyguardUpdateMonitor: android.util.AndroidRuntimeException: Must execute in UI
03-17 16:13:46.765  2227  2794 V KeyguardUpdateMonitor: *** unregister callback for null
03-17 16:13:46.778  2626  2839 D PhoneInterfaceManager: [PhoneIntfMgr] getDataEnabled: subId=1 phoneId=1
03-17 16:13:46.778  2626  2839 D PhoneInterfaceManager: [PhoneIntfMgr] getDataEnabled: subId=1 retVal=true
03-17 16:13:47.012  1702  2105 D PowerManagerService: userActivityNoUpdateLocked: eventTime=261851646, event=2, flags=0x0, uid=1000
03-17 16:13:47.013  1702  2105 D PowerManagerService: ready=true,policy=3,wakefulness=1,wksummary=0x0,uasummary=0x1,bootcompleted=true,boostinprogress=false,waitmodeenable=false,mode=false,manual=38,auto=-1,adj=0.0userId=0
03-17 16:13:47.016  2227  2227 I PanelView: onInterceptTouchEvent MotionEvent { action=ACTION_DOWN, actionButton=0, id[0]=0, x[0]=317.0, y[0]=419.0, toolType[0]=TOOL_TYPE_FINGER, buttonState=0, metaState=0, flags=0x0, edgeFlags=0x0, pointerCount=1, historySize=0, eventTime=261851646, downTime=261851646, deviceId=3, source=0x1002 }, mBlockTouches=false
03-17 16:13:47.038  2227  2227 I StackScrollAlgorithm: updateClipping isOverlap:false, getTopPadding=333.0, Translation=0.0
03-17 16:13:47.038  2227  2227 I StackScrollAlgorithm: updateDimmedActivatedHideSensitive overlap:false
03-17 16:13:47.078  2227  2227 I PanelView: onInterceptTouchEvent MotionEvent { action=ACTION_UP, actionButton=0, id[0]=0, x[0]=317.0, y[0]=419.0, toolType[0]=TOOL_TYPE_FINGER, buttonState=0, metaState=0, flags=0x0, edgeFlags=0x0, pointerCount=1, historySize=0, eventTime=261851713, downTime=261851646, deviceId=3, source=0x1002 }, mBlockTouches=false
03-17 16:13:47.091  2227  2227 V AudioManager: playSoundEffect   effectType: 0
03-17 16:13:47.091  2227  2227 V AudioManager: querySoundEffectsEnabled...
03-17 16:13:47.100  2227  2227 I PhoneStatusBar: animateCollapsePanels:flags=2, force=true, delayed=true, mExpandedVisible=true
03-17 16:13:47.101  2227  2227 I PanelView: onExpandingStarted
03-17 16:13:47.102  2227  2318 I PhoneStatusBar: logNotificationVisibilityChanges runInThread start
03-17 16:13:47.103  1702  3137 I NotificationManager: onNotificationVisibilityChanged called
03-17 16:13:47.104  2227  2318 I PhoneStatusBar: logNotificationVisibilityChanges runInThread over
03-17 16:13:47.113  1702 17622 I ActivityManager: START u0 {act=com.tencent.mobileqq.action.MAINACTIVITY flg=0x14000000 cmp=com.tencent.mobileqq/.activity.SplashActivity (has extras)} from uid 10111 on display 0
03-17 16:13:47.114  1702 17622 I ActivityManager: ActivityRecord info: ActivityInfo{d1c8e63 com.tencent.mobileqq.activity.SplashActivity}, euid: 0
03-17 16:13:47.124  2227  2227 I PhoneStatusBar: setSystemUiVisibility vis=40000500 mask=ffffffff oldVal=40000600 newVal=40000500 diff=300 fullscreenStackVis=0 dockedStackVis=0, fullscreenStackBounds=Rect(0, 0 - 720, 1280), dockedStackBounds=Rect(0, 0 - 0, 0)
03-17 16:13:47.124  2227  2227 I PhoneStatusBar: notifyUiVisibilityChanged:vis=0x40000500, SystemUiVisibility=0x40000500
03-17 16:13:47.138  1702 17622 D PowerManagerService: acquire lock=189667585, flags=0x1, tag="*launch*", name=android, ws=WorkSource{10111}, uid=1000, pid=1702
03-17 16:13:47.138  1702 17622 D PowerManagerService: ready=true,policy=3,wakefulness=1,wksummary=0x1,uasummary=0x1,bootcompleted=true,boostinprogress=false,waitmodeenable=false,mode=false,manual=38,auto=-1,adj=0.0userId=0
03-17 16:13:47.138  1702 17622 D PowerManagerService: Acquiring suspend blocker "PowerManagerService.WakeLocks".
03-17 16:13:47.149  1702 10454 I NotificationManager: onNotificationClick called
03-17 16:13:47.149  1702  1702 I NotificationManager: cancelNotification,index:0
03-17 16:13:47.150  1702  1702 I NotificationManager: cancelNotification,cancelNotificationLocked,callingUid = 10037,callingPid = 2227
03-17 16:13:47.150  1702  1702 I NotificationManager: cancelNotificationLocked called,tell the app,reason = 1
03-17 16:13:47.150  1702  1702 I NotificationManager: cancelNotificationLocked:0|com.tencent.mobileqq|121|null|10111
03-17 16:13:47.150  1702  1702 I NotificationManager: cancelNotificationLocked,remove =com.tencent.mobileqq
03-17 16:13:47.150  1702 17633 E ActivityManager: applyOptionsLocked: Unknown animationType=0
03-17 16:13:47.224  2227  2227 I PanelView: cancelPeek: false
03-17 16:13:47.224  2227  2227 I PanelView: flingToHeight: vel=0.0, expand=false, target=0.0, collapseSpeedUpFactor=1.0, expandBecauseOfFalsing=false
03-17 16:13:47.254  2227  2227 I StackScrollAlgorithm: updateClipping isOverlap:false, getTopPadding=333.0, Translation=-6.0
03-17 16:13:47.254  2227  2227 I StackScrollAlgorithm: updateDimmedActivatedHideSensitive overlap:false
03-17 16:13:47.270  2227  2227 I StackScrollAlgorithm: updateClipping isOverlap:false, getTopPadding=333.0, Translation=-21.0
03-17 16:13:47.270  2227  2227 I StackScrollAlgorithm: updateDimmedActivatedHideSensitive overlap:false
03-17 16:13:47.287  2227  2227 I StackScrollAlgorithm: updateClipping isOverlap:false, getTopPadding=333.0, Translation=-43.0
03-17 16:13:47.287  2227  2227 I StackScrollAlgorithm: updateDimmedActivatedHideSensitive overlap:false
03-17 16:13:47.289  1702 17633 I WindowManager: Taking screenshot from Surface with crop:[Rect(0, 48 - 720, 1208)], width:[432], height:[696], minLayer:[21085], maxLayer:[21085], inRotation:[false], rot:[0]
03-17 16:13:47.305  2227  2227 I StackScrollAlgorithm: updateClipping isOverlap:false, getTopPadding=333.0, Translation=-70.0
03-17 16:13:47.305  2227  2227 I StackScrollAlgorithm: updateDimmedActivatedHideSensitive overlap:false
03-17 16:13:47.320  2227  2227 I StackScrollAlgorithm: updateClipping isOverlap:false, getTopPadding=333.0, Translation=-102.0
03-17 16:13:47.321  2227  2227 I StackScrollAlgorithm: updateDimmedActivatedHideSensitive overlap:false
03-17 16:13:47.338  2227  2227 I StackScrollAlgorithm: updateClipping isOverlap:false, getTopPadding=333.0, Translation=-139.0
03-17 16:13:47.338  2227  2227 I StackScrollAlgorithm: updateDimmedActivatedHideSensitive overlap:false
03-17 16:13:47.341  1702  1702 I NotificationManager: updateLightsLocked,mInCall =false,mScreenOn = true,ledNotification == null?true
</block>

<block lines="261-270" score="0.1952">
03-17 16:13:47.409  2227  2227 I StackScrollAlgorithm: updateClipping isOverlap:false, getTopPadding=333.0, Translation=-321.0
03-17 16:13:47.409  2227  2227 I StackScrollAlgorithm: updateDimmedActivatedHideSensitive overlap:false
03-17 16:13:47.410  1702 27357 I WindowManager: The change in focus caused us to need to do a layout begin
03-17 16:13:47.410  1702 27357 I WindowManager: The change in focus caused us to need to do a layout end
03-17 16:13:47.441  2227  2227 I StackScrollAlgorithm: overlapAmount:95.0, previousNotificationEnd:0.0, newYTranslation:-95.0, location:4, i:0, getTopPadding:333.0, getLocationOnScreen():-428
03-17 16:13:47.441  2227  2227 I StackScrollAlgorithm: state.clipTopAmount:79, i:0
03-17 16:13:47.441  2227  2227 I StackScrollAlgorithm: updateClipping isOverlap:true, getTopPadding=333.0, Translation=-428.0
03-17 16:13:47.441  2227  2227 I StackScrollAlgorithm: updateDimmedActivatedHideSensitive overlap:true
03-17 16:13:47.448  2227  2227 I PhoneStatusBar: setSystemUiVisibility vis=508 mask=ffffffff oldVal=40000500 newVal=508 diff=40000008 fullscreenStackVis=0 dockedStackVis=0, fullscreenStackBounds=Rect(0, 0 - 720, 1280), dockedStackBounds=Rect(0, 0 - 0, 0)
03-17 16:13:47.449  2227  2227 I PhoneStatusBar: cancelAutohide
</block>

<block lines="296-310" score="0.1843">
03-17 16:13:47.518  1702  8671 D ActivityManager: getRecentTasks: num=20,flags=62,totalTasks=46
03-17 16:13:47.518  1702  8671 D ActivityManager: getRecentTasks: topActivity=ComponentInfo{com.tencent.mobileqq/com.tencent.mobileqq.activity.SplashActivity}
03-17 16:13:47.525  1702 27353 D PowerManagerService: ready=true,policy=3,wakefulness=1,wksummary=0x1,uasummary=0x1,bootcompleted=true,boostinprogress=false,waitmodeenable=false,mode=false,manual=38,auto=-1,adj=0.0userId=0
03-17 16:13:47.547  1702  3694 D ActivityManager: Skipping, withExcluded: false, tr.intent:Intent { flg=0x10804000 cmp=com.android.systemui/.recents.RecentsActivity bnds=[264,444][920,908] }
03-17 16:13:47.547  1702  3694 D ActivityManager: Skipping, withExcluded: false, tr.intent:Intent { act=android.intent.action.MAIN flg=0x10840000 cmp=com.android.incallui/.InCallActivity (has extras) }
03-17 16:13:47.547  1702  3694 D ActivityManager: Skipping, withExcluded: false, tr.intent:Intent { flg=0x18800000 cmp=com.tencent.mm/.plugin.base.stub.WXEntryActivity (has extras) }
03-17 16:13:47.547  1702  3694 D ActivityManager: getRecentTasks: num=10,flags=62,totalTasks=46
03-17 16:13:47.547  1702  3694 D ActivityManager: getRecentTasks: topActivity=ComponentInfo{com.tencent.mobileqq/com.tencent.mobileqq.activity.SplashActivity}
03-17 16:13:47.578  1702  8671 I NotificationManager: cancelNotificationWithTag pid 28601,uid = 10111,tag = null,pkg =com.tencent.mobileqq,id =121
03-17 16:13:47.578  1702  1702 I NotificationManager: cancelNotification,index:-1
03-17 16:13:47.585  1702 27353 I NotificationManager: cancelNotificationWithTag pid 28601,uid = 10111,tag = null,pkg =com.tencent.mobileqq,id =119
03-17 16:13:47.585  1702  1702 I NotificationManager: cancelNotification,index:-1
03-17 16:13:47.590  1702  2113 I NotificationManager: cancelNotificationWithTag pid 28601,uid = 10111,tag = null,pkg =com.tencent.mobileqq,id =122
03-17 16:13:47.598  2227  2227 V PhoneStatusBar: setLightsOn(true)
03-17 16:13:47.599  2227  2227 I PhoneStatusBar: setSystemUiVisibility vis=0 mask=1 oldVal=508 newVal=508 diff=0 fullscreenStackVis=0 dockedStackVis=0, fullscreenStackBounds=Rect(0, 0 - 0, 0), dockedStackBounds=Rect(0, 0 - 0, 0)
</block>

<block lines="411-425" score="0.1864">
03-17 16:13:55.896  2227  2514 V AudioManager: getLastAudibleStreamVolume  treamType: 4
03-17 16:13:55.899  2227  2514 V AudioManager: getLastAudibleStreamVolume  treamType: 5
03-17 16:13:55.904  2227  2514 V AudioManager: getLastAudibleStreamVolume  treamType: 6
03-17 16:13:55.906  2227  2514 V AudioManager: getLastAudibleStreamVolume  treamType: 7
03-17 16:13:55.921  2227  2514 V AudioManager: getLastAudibleStreamVolume  treamType: 8
03-17 16:13:55.937  1702  1737 D ActivityManager: cleanUpApplicationRecord -- 12025
03-17 16:13:55.937  1702  1737 I ActivityManager: cleanUpApplicationRecordLocked, pid: 12025, restart: false
03-17 16:13:55.938  1702  1737 I ActivityManager: cleanUpApplicationRecordLocked, reset pid: 12025, euid: 0
03-17 16:13:55.940  1702  2639 I DisplayManagerService: stopWifiDisplayScanLocked record.mWifiDisplayScanRequested=false
03-17 16:13:55.940  1702  2639 I DisplayManagerService: stopWifiDisplayScanLocked mWifiDisplayScanRequestCount=0
03-17 16:13:55.941 30852 30852 V AudioManager: getMode...
03-17 16:13:55.944 30852 30852 V AudioManager: setSpeakerphoneOn  on: true
03-17 16:13:55.948 30852 30852 I AudioManager: setSpeakerphoneOn on:true
03-17 16:13:56.080  1702 17621 W ActivityManager: getRunningAppProcesses: caller 10091 does not hold REAL_GET_TASKS; limiting output
03-17 16:13:56.177  1702  2644 W ActivityManager: getRunningAppProcesses: caller 10113 does not hold REAL_GET_TASKS; limiting output
</block>

<block lines="436-445" score="0.1791">
03-17 16:14:00.003  1702  1702 V AlarmManager: Received TIME_TICK alarm; rescheduling
03-17 16:14:00.004  1702  1702 I AlarmManager: scheduleTimeTickEvent triggerAtTime = 509202333
03-17 16:14:00.022  2227  2227 I StackScrollAlgorithm: updateClipping isOverlap:false, getTopPadding=333.0, Translation=0.0
03-17 16:14:00.022  2227  2227 I StackScrollAlgorithm: updateDimmedActivatedHideSensitive overlap:false
03-17 16:14:00.039  2227  2227 I StackScrollAlgorithm: updateClipping isOverlap:false, getTopPadding=333.0, Translation=0.0
03-17 16:14:00.039  2227  2227 I StackScrollAlgorithm: updateDimmedActivatedHideSensitive overlap:false
03-17 16:14:00.049  2227  2227 D KeyguardUpdateMonitor: received broadcast android.intent.action.TIME_TICK
03-17 16:14:00.050  2227  2227 D KeyguardUpdateMonitor: handleTimeUpdate
03-17 16:14:00.349  1702  1702 D PowerManagerService: ready=true,policy=3,wakefulness=1,wksummary=0x0,uasummary=0x1,bootcompleted=true,boostinprogress=false,waitmodeenable=false,mode=false,manual=38,auto=-1,adj=0.0userId=0
03-17 16:14:00.349  1702  1702 D PowerManagerService: Releasing suspend blocker "PowerManagerService.WakeLocks".
</block>

<block lines="916-925" score="0.1734">
03-17 16:15:03.502  1702  2639 W ActivityManager: Unable to start service Intent { act=com.tencent.android.tpush.action.keepalive cmp=com.qqgame.hlddz/com.tencent.android.tpush.service.XGPushService } U=0: not found
03-17 16:15:05.340  1702  1737 D PowerManagerService: ready=true,policy=3,wakefulness=1,wksummary=0x1,uasummary=0x1,bootcompleted=true,boostinprogress=false,waitmodeenable=false,mode=false,manual=38,auto=-1,adj=0.0userId=0
03-17 16:15:05.340  1702  1737 D PowerManagerService: Acquiring suspend blocker "PowerManagerService.WakeLocks".
03-17 16:15:05.346  1702  3694 W ActivityManager: getRunningAppProcesses: caller 10091 does not hold REAL_GET_TASKS; limiting output
03-17 16:15:05.346  1702  2555 W ActivityManager: getRunningAppProcesses: caller 10091 does not hold REAL_GET_TASKS; limiting output
03-17 16:15:05.382  1702  2633 D PowerManagerService: ready=true,policy=3,wakefulness=1,wksummary=0x0,uasummary=0x1,bootcompleted=true,boostinprogress=false,waitmodeenable=false,mode=false,manual=38,auto=-1,adj=0.0userId=0
03-17 16:15:05.382  1702  2633 D PowerManagerService: Releasing suspend blocker "PowerManagerService.WakeLocks".
03-17 16:15:05.482  1702 17630 D PowerManagerService: acquire lock=120758482, flags=0x1, tag="RILJ_ACK_WL", name=com.android.phone, ws=null, uid=1001, pid=2626
03-17 16:15:05.483  1702 17630 D PowerManagerService: ready=true,policy=3,wakefulness=1,wksummary=0x1,uasummary=0x1,bootcompleted=true,boostinprogress=false,waitmodeenable=false,mode=false,manual=38,auto=-1,adj=0.0userId=0
03-17 16:15:05.483  1702 17630 D PowerManagerService: Acquiring suspend blocker "PowerManagerService.WakeLocks".
</block>

<block lines="1006-1015" score="0.1812">
03-17 16:15:19.882  1702 17621 W ActivityManager: getRunningAppProcesses: caller 10111 does not hold REAL_GET_TASKS; limiting output
03-17 16:15:19.986  1702  3693 I DisplayManagerService: stopWifiDisplayScanLocked record.mWifiDisplayScanRequested=false
03-17 16:15:19.986  1702  3693 I DisplayManagerService: stopWifiDisplayScanLocked mWifiDisplayScanRequestCount=0
03-17 16:15:19.992  1702  2644 I ActivityManager: Process com.tencent.mobileqq:qzone (pid 12236) has died
03-17 16:15:19.992  1702  2644 D ActivityManager: cleanUpApplicationRecord -- 12236
03-17 16:15:19.993  1702  2644 W ActivityManager: Scheduling restart of crashed service com.tencent.mobileqq/cooperation.qzone.remote.logic.QzoneWebPluginProxyService in 1000ms
03-17 16:15:19.993  1702  2644 I ActivityManager: cleanUpApplicationRecordLocked, pid: 12236, restart: false
03-17 16:15:19.993  1702  2644 I ActivityManager: cleanUpApplicationRecordLocked, reset pid: 12236, euid: 0
03-17 16:15:20.000  1702 14638 W ActivityManager: getTasks: caller 10111 does not hold REAL_GET_TASKS; limiting output
03-17 16:15:20.118 23650 23685 V AudioManager: isMusicActive...
</block>

<block lines="1061-1070" score="0.1782">
03-17 16:15:25.170  1702 14638 D WindowManager: interceptKeyTq keycode=4 interactive=true keyguardActive=false policyFlags=2b000002 down true canceled false
03-17 16:15:25.170  1702 14638 D WindowManager: interceptKeyBeforeQueueing: key 4 , result : 1
03-17 16:15:25.171  1702  2105 D PowerManagerService: userActivityNoUpdateLocked: eventTime=261949805, event=1, flags=0x0, uid=1000
03-17 16:15:25.171  1702  2105 D PowerManagerService: ready=true,policy=3,wakefulness=1,wksummary=0x0,uasummary=0x1,bootcompleted=true,boostinprogress=false,waitmodeenable=false,mode=false,manual=38,auto=-1,adj=0.0userId=0
03-17 16:15:25.196  1702  3693 I WindowManager: Destroying surface Surface(name=PopupWindow:317e46) called by com.android.server.wm.WindowStateAnimator.destroySurface:2060 com.android.server.wm.WindowStateAnimator.destroySurfaceLocked:913 com.android.server.wm.WindowState.removeLocked:1554 com.android.server.wm.WindowManagerService.removeWindowInnerLocked:2739 com.android.server.wm.WindowManagerService.removeWindowInnerLocked:2702 com.android.server.wm.WindowManagerService.removeWindowLocked:2691 com.android.server.wm.WindowManagerService.removeWindowLocked:2560 com.android.server.wm.WindowManagerService.removeWindow:2555 
03-17 16:15:25.201  2227  2227 V PhoneStatusBar: setLightsOn(true)
03-17 16:15:25.201  2227  2227 I PhoneStatusBar: setSystemUiVisibility vis=0 mask=1 oldVal=40000500 newVal=40000500 diff=0 fullscreenStackVis=0 dockedStackVis=0, fullscreenStackBounds=Rect(0, 0 - 0, 0), dockedStackBounds=Rect(0, 0 - 0, 0)
03-17 16:15:25.262  2227  2227 I PhoneStatusBar: resumeSuspendedAutohide
03-17 16:15:25.265  1702  2107 D WindowManager: interceptKeyTq keycode=4 interactive=true keyguardActive=false policyFlags=2b000002 down false canceled false
03-17 16:15:25.265  1702  2107 D WindowManager: interceptKeyBeforeQueueing: key 4 , result : 1
</block>

<block lines="1226-1235" score="0.1766">
03-17 16:15:33.396  1702  1702 I NotificationManager: cancelNotification,index:-1
03-17 16:15:33.398  1702  3137 I NotificationManager: cancelNotificationWithTag pid 28601,uid = 10111,tag = null,pkg =com.tencent.mobileqq,id =119
03-17 16:15:33.398  1702  1702 I NotificationManager: cancelNotification,index:-1
03-17 16:15:33.419  1702  8290 I NotificationManager: enqueueNotificationInternal: pkg=com.tencent.mobileqq id=121 notification=Notification(pri=1 contentView=null vibrate=[100] sound=null tick defaults=0x0 flags=0x11 color=0x00000000 vis=PRIVATE)
03-17 16:15:33.424  1702  1702 I NotificationManager: enqueueNotificationInternal: n.getKey = 0|com.tencent.mobileqq|121|null|10111
03-17 16:15:33.426 28601 29239 V AudioManager: getRingerMode...
03-17 16:15:33.427  1702  1702 I NotificationManager: updateLightsLocked,mInCall =false,mScreenOn = true,ledNotification == null?false
03-17 16:15:33.427  1702  1702 I NotificationManager: updateLightsLocked,turn off notificationLight
03-17 16:15:33.438  2227  2227 I PhoneStatusBar: addNotification key=0|com.tencent.mobileqq|121|null|10111
03-17 16:15:33.524  2227  2227 I PanelView: mHeadsUpExistenceChangedRunnable
</block>

<block lines="1261-1275" score="0.1976">
03-17 16:15:36.921  1702  2113 I ActivityManager: START u0 {act=android.intent.action.MAIN cat=[android.intent.category.LAUNCHER] flg=0x10200000 cmp=com.example.android.notepad/.NotePadActivity bnds=[8,820][184,1011]} from uid 10057 on display 0
03-17 16:15:36.922  1702  2113 I ActivityManager: ActivityRecord info: ActivityInfo{f39182 com.example.android.notepad.NotePadActivity}, euid: 0
03-17 16:15:36.937  1702  2113 D PowerManagerService: acquire lock=189667585, flags=0x1, tag="*launch*", name=android, ws=WorkSource{10020}, uid=1000, pid=1702
03-17 16:15:36.937  1702  2113 D PowerManagerService: ready=true,policy=3,wakefulness=1,wksummary=0x1,uasummary=0x1,bootcompleted=true,boostinprogress=false,waitmodeenable=false,mode=false,manual=38,auto=-1,adj=0.0userId=0
03-17 16:15:36.938  1702  2113 D PowerManagerService: Acquiring suspend blocker "PowerManagerService.WakeLocks".
03-17 16:15:37.011  1702  8303 I WindowManager: rotationForOrientationLw(orient=-1, last=0); user=0 USER_ROTATION_LOCKED
03-17 16:15:37.011  1702  8303 I WindowManager: Application requested orientation -1, got rotation 0 which has compatible metrics
03-17 16:15:37.077  1702 14638 I WindowManager: The change in focus caused us to need to do a layout begin
03-17 16:15:37.077  1702 14638 I WindowManager: The change in focus caused us to need to do a layout end
03-17 16:15:37.078  2227  2227 I PhoneStatusBar: setSystemUiVisibility vis=80000608 mask=ffffffff oldVal=c0000700 newVal=80000608 diff=40000108 fullscreenStackVis=0 dockedStackVis=0, fullscreenStackBounds=Rect(0, 0 - 720, 1280), dockedStackBounds=Rect(0, 0 - 0, 0)
03-17 16:15:37.079  2227  2227 I PhoneStatusBar: cancelAutohide
03-17 16:15:37.079  2227  2227 I PhoneStatusBar: notifyUiVisibilityChanged:vis=0x80000608, SystemUiVisibility=0x80000608
03-17 16:15:37.138  1702 10454 D ActivityManager: Skipping, withExcluded: false, tr.intent:Intent { flg=0x10804000 cmp=com.android.systemui/.recents.RecentsActivity bnds=[264,444][920,908] }
03-17 16:15:37.138  1702 10454 D ActivityManager: Skipping, withExcluded: false, tr.intent:Intent { act=android.intent.action.MAIN flg=0x10840000 cmp=com.android.incallui/.InCallActivity (has extras) }
03-17 16:15:37.138  1702 10454 D ActivityManager: Skipping, withExcluded: false, tr.intent:Intent { flg=0x18800000 cmp=com.tencent.mm/.plugin.base.stub.WXEntryActivity (has extras) }
</block>

<block lines="1376-1385" score="0.2546">
03-17 16:15:47.746  1702 17621 I WindowManager: rotationForOrientationLw(orient=1, last=0); user=0 USER_ROTATION_LOCKED
03-17 16:15:47.746  1702 17621 I WindowManager: Application requested orientation 1, got rotation 0 which has compatible metrics
03-17 16:15:47.778  1702  8289 I WindowManager: Taking screenshot from Surface with crop:[Rect(0, 48 - 720, 1208)], width:[432], height:[696], minLayer:[21080], maxLayer:[21085], inRotation:[false], rot:[0]
03-17 16:15:47.927  1702  8290 I WindowManager: The change in focus caused us to need to do a layout begin
03-17 16:15:47.927  1702  8290 I WindowManager: The change in focus caused us to need to do a layout end
03-17 16:15:47.932  2227  2227 I PhoneStatusBar: setSystemUiVisibility vis=708 mask=ffffffff oldVal=40000600 newVal=708 diff=40000108 fullscreenStackVis=0 dockedStackVis=0, fullscreenStackBounds=Rect(0, 0 - 720, 1280), dockedStackBounds=Rect(0, 0 - 0, 0)
03-17 16:15:47.932  2227  2227 I PhoneStatusBar: cancelAutohide
03-17 16:15:47.932  2227  2227 I PhoneStatusBar: notifyUiVisibilityChanged:vis=0x708, SystemUiVisibility=0x708
03-17 16:15:47.945  2227  2227 I StackScrollAlgorithm: updateClipping isOverlap:false, getTopPadding=333.0, Translation=-24.0
03-17 16:15:47.945  2227  2227 I StackScrollAlgorithm: updateDimmedActivatedHideSensitive overlap:false
</block>

<block lines="1391-1405" score="0.2232">
03-17 16:15:47.974  1702 17630 D ActivityManager: Skipping, withExcluded: false, tr.intent:Intent { act=android.intent.action.VIEW dat=file:///storage/emulated/0/Tencent/QQfile_recv/b.apk typ=application/vnd.android.package-archive flg=0x10800000 cmp=com.android.packageinstaller/.PackageInstallerActivity (has extras) }
03-17 16:15:47.974  1702 17630 D ActivityManager: getRecentTasks: num=20,flags=62,totalTasks=46
03-17 16:15:47.974  1702 17630 D ActivityManager: getRecentTasks: topActivity=ComponentInfo{com.example.android.notepad/com.example.android.notepad.NoteEditor}
03-17 16:15:47.988  1702  2558 D ActivityManager: Skipping, withExcluded: false, tr.intent:Intent { flg=0x10804000 cmp=com.android.systemui/.recents.RecentsActivity bnds=[264,444][920,908] }
03-17 16:15:47.988  1702  2558 D ActivityManager: Skipping, withExcluded: false, tr.intent:Intent { act=android.intent.action.MAIN flg=0x10840000 cmp=com.android.incallui/.InCallActivity (has extras) }
03-17 16:15:47.988  1702  2558 D ActivityManager: Skipping, withExcluded: false, tr.intent:Intent { flg=0x18800000 cmp=com.tencent.mm/.plugin.base.stub.WXEntryActivity (has extras) }
03-17 16:15:47.989  1702  2558 D ActivityManager: getRecentTasks: num=10,flags=62,totalTasks=46
03-17 16:15:47.989  1702  2558 D ActivityManager: getRecentTasks: topActivity=ComponentInfo{com.example.android.notepad/com.example.android.notepad.NoteEditor}
03-17 16:15:48.077  1702  2395 W ActivityManager: getTasks: caller 10020 does not hold REAL_GET_TASKS; limiting output
03-17 16:15:48.106  2227  2227 I PhoneStatusBar: setSystemUiVisibility vis=c0000700 mask=ffffffff oldVal=708 newVal=c0000700 diff=c0000008 fullscreenStackVis=0 dockedStackVis=0, fullscreenStackBounds=Rect(0, 0 - 720, 1280), dockedStackBounds=Rect(0, 0 - 0, 0)
03-17 16:15:48.107  2227  2227 I PhoneStatusBar: cancelAutohide
03-17 16:15:48.107  2227  2227 I PhoneStatusBar: notifyUiVisibilityChanged:vis=0xc0000700, SystemUiVisibility=0xc0000700
03-17 16:15:48.120  1702  3697 W ActivityManager: getTasks: caller 10020 does not hold REAL_GET_TASKS; limiting output
03-17 16:15:48.241  1702  2556 D PowerManagerService: release:lock=189667585, flg=0x0, tag="*launch*", name=android", ws=WorkSource{10057}, uid=1000, pid=1702
03-17 16:15:48.242  1702  2556 D PowerManagerService: ready=true,policy=3,wakefulness=1,wksummary=0x0,uasummary=0x1,bootcompleted=true,boostinprogress=false,waitmodeenable=false,mode=false,manual=38,auto=-1,adj=0.0userId=0
</block>

<block lines="1436-1445" score="0.1679">
03-17 16:15:49.209  1702  2250 I ActivityManager: START u0 {act=android.intent.action.MAIN cat=[android.intent.category.LAUNCHER] flg=0x10200000 cmp=com.tencent.mobileqq/.activity.SplashActivity bnds=[360,820][536,1011]} from uid 10057 on display 0
03-17 16:15:49.210  1702  2250 I ActivityManager: ActivityRecord info: ActivityInfo{71e60ba com.tencent.mobileqq.activity.SplashActivity}, euid: 0
03-17 16:15:49.228  1702  2250 D PowerManagerService: acquire lock=189667585, flags=0x1, tag="*launch*", name=android, ws=WorkSource{10111}, uid=1000, pid=1702
03-17 16:15:49.228  1702  2250 D PowerManagerService: ready=true,policy=3,wakefulness=1,wksummary=0x1,uasummary=0x1,bootcompleted=true,boostinprogress=false,waitmodeenable=false,mode=false,manual=38,auto=-1,adj=0.0userId=0
03-17 16:15:49.228  1702  2250 D PowerManagerService: Acquiring suspend blocker "PowerManagerService.WakeLocks".
03-17 16:15:49.436  1702  3694 I WindowManager: The change in focus caused us to need to do a layout begin
03-17 16:15:49.436  1702  3694 I WindowManager: The change in focus caused us to need to do a layout end
03-17 16:15:49.450  2227  2227 I StackScrollAlgorithm: updateClipping isOverlap:false, getTopPadding=333.0, Translation=-24.0
03-17 16:15:49.450  2227  2227 I StackScrollAlgorithm: updateDimmedActivatedHideSensitive overlap:false
03-17 16:15:49.462  2227  2227 I PhoneStatusBar: setSystemUiVisibility vis=80000508 mask=ffffffff oldVal=c0000700 newVal=80000508 diff=40000208 fullscreenStackVis=0 dockedStackVis=0, fullscreenStackBounds=Rect(0, 0 - 720, 1280), dockedStackBounds=Rect(0, 0 - 0, 0)
</block>

<block lines="1511-1520" score="0.1710">
03-17 16:15:49.593  1702  1702 I NotificationManager: cancelNotification,index:-1
03-17 16:15:49.595  2626  2808 I PhoneInterfaceManager: shouldBlockLocation  ret:true
03-17 16:15:49.595  2626  2808 D PhoneInterfaceManager: getAllCellInfo is blocked by permission manager . callingPackage = com.tencent.mobileqq
03-17 16:15:49.670  2227  2227 V PhoneStatusBar: setLightsOn(true)
03-17 16:15:49.670  2227  2227 I PhoneStatusBar: setSystemUiVisibility vis=0 mask=1 oldVal=40000500 newVal=40000500 diff=0 fullscreenStackVis=0 dockedStackVis=0, fullscreenStackBounds=Rect(0, 0 - 0, 0), dockedStackBounds=Rect(0, 0 - 0, 0)
03-17 16:15:49.678  2227  2227 V PhoneStatusBar: setLightsOn(true)
03-17 16:15:49.678  2227  2227 I PhoneStatusBar: setSystemUiVisibility vis=0 mask=1 oldVal=40000500 newVal=40000500 diff=0 fullscreenStackVis=0 dockedStackVis=0, fullscreenStackBounds=Rect(0, 0 - 0, 0), dockedStackBounds=Rect(0, 0 - 0, 0)
03-17 16:15:49.719  2227  2227 V PhoneStatusBar: setLightsOn(true)
03-17 16:15:49.720  2227  2227 I PhoneStatusBar: setSystemUiVisibility vis=0 mask=1 oldVal=40000500 newVal=40000500 diff=0 fullscreenStackVis=0 dockedStackVis=0, fullscreenStackBounds=Rect(0, 0 - 0, 0), dockedStackBounds=Rect(0, 0 - 0, 0)
03-17 16:15:50.038  1702 17633 W ActivityManager: getTasks: caller 10111 does not hold REAL_GET_TASKS; limiting output
</block>

<block lines="1536-1545" score="0.1692">
03-17 16:15:51.189  2626  3066 I PhoneInterfaceManager: shouldBlockLocation  ret:true
03-17 16:15:51.189  2626  3066 D PhoneInterfaceManager: getAllCellInfo is blocked by permission manager . callingPackage = com.tencent.mobileqq
03-17 16:15:51.192  2626  2643 W PhoneInterfaceManager: shouldBlockLocation running ...
03-17 16:15:51.199  2626  2643 I PhoneInterfaceManager: shouldBlockLocation  ret:true
03-17 16:15:51.200  2626  2643 D PhoneInterfaceManager: getCellLocation is blocked by permission manager uid:10111 pid:28601
03-17 16:15:51.236  1702  2395 W ActivityManager: getRunningAppProcesses: caller 10111 does not hold REAL_GET_TASKS; limiting output
03-17 16:15:51.359  1702  1820 I DisplayPowerController: HBM brightnessIn =38
03-17 16:15:51.359  1702  1820 I DisplayPowerController: HBM brightnessOut =38
03-17 16:15:51.359  1702  1820 D DisplayPowerController: Animating brightness: target=38, rate=200
03-17 16:15:51.546  1702  2105 D PowerManagerService: userActivityNoUpdateLocked: eventTime=261976180, event=2, flags=0x0, uid=1000
</block>

<block lines="1696-1705" score="0.2082">
03-17 16:16:00.058  2227  2227 D KeyguardUpdateMonitor: received broadcast android.intent.action.TIME_TICK
03-17 16:16:00.061  2227  2227 D KeyguardUpdateMonitor: handleTimeUpdate
03-17 16:16:00.090  1702  1820 I DisplayPowerController: HBM brightnessIn =38
03-17 16:16:00.090  1702  1820 I DisplayPowerController: HBM brightnessOut =38
03-17 16:16:00.091  1702  1820 D DisplayPowerController: Animating brightness: target=38, rate=200
03-17 16:16:00.233 28601 28601 V AudioManager: playSoundEffect   effectType: 0
03-17 16:16:00.233 28601 28601 V AudioManager: querySoundEffectsEnabled...
03-17 16:16:00.249  1702  8290 I WindowManager: Destroying surface Surface(name=PopupWindow:9b04807) called by com.android.server.wm.WindowStateAnimator.destroySurface:2060 com.android.server.wm.WindowStateAnimator.destroySurfaceLocked:913 com.android.server.wm.WindowState.removeLocked:1554 com.android.server.wm.WindowManagerService.removeWindowInnerLocked:2739 com.android.server.wm.WindowManagerService.removeWindowInnerLocked:2702 com.android.server.wm.WindowManagerService.removeWindowLocked:2691 com.android.server.wm.WindowManagerService.removeWindowLocked:2560 com.android.server.wm.WindowManagerService.removeWindow:2555 
03-17 16:16:00.284  7111  7111 V AudioManager: isWiredHeadsetOn...
03-17 16:16:00.289  1702  2250 I WindowManager: Destroying surface Surface(name=PopupWindow:317e46) called by com.android.server.wm.WindowStateAnimator.destroySurface:2060 com.android.server.wm.WindowStateAnimator.destroySurfaceLocked:913 com.android.server.wm.WindowState.removeLocked:1554 com.android.server.wm.WindowManagerService.removeWindowInnerLocked:2739 com.android.server.wm.WindowManagerService.removeWindowInnerLocked:2702 com.android.server.wm.WindowManagerService.removeWindowLocked:2691 com.android.server.wm.WindowManagerService.removeWindowLocked:2560 com.android.server.wm.WindowManagerService.removeWindow:2555 
</block>

<block lines="1776-1795" score="0.3052">
03-17 16:16:02.895  1702  1820 D PowerManagerService: updateIsPoweredLocked: wasPowered=false, mIsPowered=false, oldPlugType=0, mPlugType=0, mBatteryLevel=23
03-17 16:16:02.897  2227  2227 D KeyguardUpdateMonitor: received broadcast android.intent.action.BATTERY_CHANGED
03-17 16:16:02.897  2227  2227 W KeyguardUpdateMonitor: ACTION_BATTERY_CHANGED AMP: 0; Volt: 0
03-17 16:16:02.898  1702  1702 I DeviceIdleController: updateChargingLocked: charging=false
03-17 16:16:02.899  1702  1702 D WifiService: onReceive, action:android.intent.action.BATTERY_CHANGED
03-17 16:16:02.899  1702  1702 D WifiService: ACTION_BATTERY_CHANGED pluggedType: 0
03-17 16:16:02.899  1702  2121 D WifiController: ApStaDisabledState what=155652
03-17 16:16:02.899  1702  2121 D WifiController: DefaultState what=155652
03-17 16:16:02.899  1702  2121 D WifiController: battery changed pluggedType: 0
03-17 16:16:02.899  2227  2227 V KeyguardUpdateMonitor: RefreshBatteryInfo isBatteryLow: 23
03-17 16:16:02.899  2227  2227 W KeyguardUpdateMonitor: ChargingSpeed  Wattage: -1 ST: 5000000 --> 7500000
03-17 16:16:02.899  2227  2227 D KeyguardUpdateMonitor: handleBatteryUpdate
03-17 16:16:02.900  2227  2227 V KeyguardUpdateMonitor: RefreshBatteryInfo isBatteryLow: 23
03-17 16:16:02.903  1702  2618 D PowerManagerService: ready=true,policy=3,wakefulness=1,wksummary=0x1,uasummary=0x1,bootcompleted=true,boostinprogress=false,waitmodeenable=false,mode=false,manual=38,auto=-1,adj=0.0userId=0
03-17 16:16:02.928  1702 27365 D PowerManagerService: ready=true,policy=3,wakefulness=1,wksummary=0x1,uasummary=0x1,bootcompleted=true,boostinprogress=false,waitmodeenable=false,mode=false,manual=38,auto=-1,adj=0.0userId=0
03-17 16:16:03.001  2227  2227 V PhoneStatusBar: setLightsOn(true)
03-17 16:16:03.002  2227  2227 I PhoneStatusBar: setSystemUiVisibility vis=0 mask=1 oldVal=40000500 newVal=40000500 diff=0 fullscreenStackVis=0 dockedStackVis=0, fullscreenStackBounds=Rect(0, 0 - 0, 0), dockedStackBounds=Rect(0, 0 - 0, 0)
03-17 16:16:03.104  1702  1820 I DisplayPowerController: HBM brightnessIn =38
03-17 16:16:03.104  1702  1820 I DisplayPowerController: HBM brightnessOut =38
03-17 16:16:03.104  1702  1820 D DisplayPowerController: Animating brightness: target=38, rate=200
</block>

<block lines="1881-1895" score="0.1760">
03-17 16:16:04.772  2227  2227 I PhoneStatusBar: updateNotificationShade: total=0, active=0
03-17 16:16:04.772  2227  2227 I PhoneStatusBar: removeNotificationChildren
03-17 16:16:04.774  2227  2227 I PhoneStatusBar: updateNotificationShade: total=1, active=1
03-17 16:16:04.774  2227  2227 I PhoneStatusBar: removeNotificationChildren
03-17 16:16:04.774  1702  2107 I NotificationManager: Marking notification as seen 0|com.tencent.mm|4097|null|10112
03-17 16:16:04.790  1702 17621 W ActivityManager: getTasks: caller 10111 does not hold REAL_GET_TASKS; limiting output
03-17 16:16:04.791  1702  3694 W ActivityManager: getTasks: caller 10111 does not hold REAL_GET_TASKS; limiting output
03-17 16:16:04.808  1702 27365 I NotificationManager: onNotificationExpansionChanged called
03-17 16:16:04.816  1702  8303 I WindowManager: Destroying surface Surface(name=com.tencent.mobileqq/com.tencent.mobileqq.activity.SplashActivity) called by com.android.server.wm.WindowStateAnimator.destroySurface:2060 com.android.server.wm.WindowStateAnimator.destroySurfaceLocked:913 com.android.server.wm.WindowState.destroyOrSaveSurface:2201 com.android.server.wm.AppWindowToken.destroySurfaces:374 com.android.server.wm.AppWindowToken.notifyAppStopped:400 com.android.server.wm.WindowManagerService.notifyAppStopped:4869 com.android.server.am.ActivityStack.activityStoppedLocked:1393 com.android.server.am.ActivityManagerService.activityStopped:7690 
03-17 16:16:04.850  2227  2227 I StackScrollAlgorithm: updateClipping isOverlap:false, getTopPadding=333.0, Translation=-429.0
03-17 16:16:04.850  2227  2227 I StackScrollAlgorithm: updateDimmedActivatedHideSensitive overlap:false
03-17 16:16:04.858  1702  1736 W ActivityManager: getRunningAppProcesses: caller 10111 does not hold REAL_GET_TASKS; limiting output
03-17 16:16:04.949  2227  2227 I StackScrollAlgorithm: updateClipping isOverlap:false, getTopPadding=333.0, Translation=-497.0
03-17 16:16:04.950  2227  2227 I StackScrollAlgorithm: updateDimmedActivatedHideSensitive overlap:false
03-17 16:16:05.061  1702  3697 W ActivityManager: getTasks: caller 10111 does not hold REAL_GET_TASKS; limiting output
</block>

<block lines="1916-1930" score="0.2152">
03-17 16:16:06.671  1702  2105 D PowerManagerService: ready=true,policy=3,wakefulness=1,wksummary=0x0,uasummary=0x1,bootcompleted=true,boostinprogress=false,waitmodeenable=false,mode=false,manual=38,auto=-1,adj=0.0userId=0
03-17 16:16:06.676  2227  2227 I PanelView: onInterceptTouchEvent MotionEvent { action=ACTION_DOWN, actionButton=0, id[0]=0, x[0]=622.0, y[0]=86.0, toolType[0]=TOOL_TYPE_FINGER, buttonState=0, metaState=0, flags=0x0, edgeFlags=0x0, pointerCount=1, historySize=0, eventTime=261991304, downTime=261991304, deviceId=3, source=0x1002 }, mBlockTouches=false
03-17 16:16:06.688  2227  2227 I StackScrollAlgorithm: updateClipping isOverlap:false, getTopPadding=333.0, Translation=-497.0
03-17 16:16:06.689  2227  2227 I StackScrollAlgorithm: updateDimmedActivatedHideSensitive overlap:false
03-17 16:16:06.733  2227  2227 I PanelView: onInterceptTouchEvent MotionEvent { action=ACTION_UP, actionButton=0, id[0]=0, x[0]=622.0, y[0]=86.0, toolType[0]=TOOL_TYPE_FINGER, buttonState=0, metaState=0, flags=0x0, edgeFlags=0x0, pointerCount=1, historySize=0, eventTime=261991368, downTime=261991304, deviceId=3, source=0x1002 }, mBlockTouches=false
03-17 16:16:06.733  1702  1820 I DisplayPowerController: HBM brightnessIn =38
03-17 16:16:06.734  1702  1820 I DisplayPowerController: HBM brightnessOut =38
03-17 16:16:06.734  1702  1820 D DisplayPowerController: Animating brightness: target=38, rate=200
03-17 16:16:06.746  2227  2227 V AudioManager: playSoundEffect   effectType: 0
03-17 16:16:06.746  2227  2227 V AudioManager: querySoundEffectsEnabled...
03-17 16:16:06.756  2227  2227 I PhoneStatusBar: updateNotificationShade: total=1, active=1
03-17 16:16:06.756  2227  2227 I PhoneStatusBar: removeNotificationChildren
03-17 16:16:06.758  2227  2227 I PhoneStatusBar: animateCollapsePanels:flags=2, force=true, delayed=true, mExpandedVisible=true
03-17 16:16:06.759  2227  2227 I PanelView: closeQs
03-17 16:16:06.761  2227  2227 I PanelView: cancelPeek: false
</block>

<block lines="1956-1965" score="0.1809">
03-17 16:16:06.794  2227  2227 I StackScrollAlgorithm: state.clipTopAmount:204, i:0
03-17 16:16:06.794  2227  2227 I StackScrollAlgorithm: updateClipping isOverlap:true, getTopPadding=333.0, Translation=-553.0
03-17 16:16:06.794  2227  2227 I StackScrollAlgorithm: updateDimmedActivatedHideSensitive overlap:true
03-17 16:16:06.808  2227  2227 D PhoneStatusBar: makeExpandedInvisible: mExpandedVisible=false
03-17 16:16:06.809  1702  3137 D PowerManagerService: acquire lock=189667585, flags=0x1, tag="*launch*", name=android, ws=WorkSource{10112}, uid=1000, pid=1702
03-17 16:16:06.809  1702  3137 D PowerManagerService: ready=true,policy=3,wakefulness=1,wksummary=0x1,uasummary=0x1,bootcompleted=true,boostinprogress=false,waitmodeenable=false,mode=false,manual=38,auto=-1,adj=0.0userId=0
03-17 16:16:06.809  1702  3137 D PowerManagerService: Acquiring suspend blocker "PowerManagerService.WakeLocks".
03-17 16:16:06.818  1702  1737 I NotificationManager: onNotificationClick called
03-17 16:16:06.819  1702  1702 I NotificationManager: cancelNotification,index:0
03-17 16:16:06.872  1702  2639 E ActivityManager: applyOptionsLocked: Unknown animationType=0
</block>

<block lines="1971-1980" score="0.1699">
03-17 16:16:07.070  1702  8671 D ActivityManager: Skipping, withExcluded: false, tr.intent:Intent { act=com.android.contacts.action.CHOOSE_SUB dat=tel:xxxxxxxxxxx flg=0x10808000 cmp=com.android.contacts/.ChooseSubActivity (has extras) }
03-17 16:16:07.071  1702  8671 D ActivityManager: Skipping, withExcluded: false, tr.intent:Intent { act=android.intent.action.VIEW dat=file:///storage/emulated/0/Tencent/QQfile_recv/b.apk typ=application/vnd.android.package-archive flg=0x10800000 cmp=com.android.packageinstaller/.PackageInstallerActivity (has extras) }
03-17 16:16:07.071  1702  8671 D ActivityManager: getRecentTasks: num=20,flags=62,totalTasks=46
03-17 16:16:07.071  1702  8671 D ActivityManager: getRecentTasks: topActivity=ComponentInfo{com.tencent.mm/com.tencent.mm.ui.LauncherUI}
03-17 16:16:07.084  1702  3694 D ActivityManager: Skipping, withExcluded: false, tr.intent:Intent { flg=0x10804000 cmp=com.android.systemui/.recents.RecentsActivity bnds=[264,444][920,908] }
03-17 16:16:07.084  1702  3694 D ActivityManager: Skipping, withExcluded: false, tr.intent:Intent { act=android.intent.action.MAIN flg=0x10840000 cmp=com.android.incallui/.InCallActivity (has extras) }
03-17 16:16:07.084  1702  3694 D ActivityManager: Skipping, withExcluded: false, tr.intent:Intent { flg=0x18800000 cmp=com.tencent.mm/.plugin.base.stub.WXEntryActivity (has extras) }
03-17 16:16:07.084  1702  3694 D ActivityManager: getRecentTasks: num=10,flags=62,totalTasks=46
03-17 16:16:07.084  1702  3694 D ActivityManager: getRecentTasks: topActivity=ComponentInfo{com.tencent.mm/com.tencent.mm.ui.LauncherUI}
03-17 16:16:07.144  2227  2227 I PanelView: mHeadsUpExistenceChangedRunnable
</block>

